
> collaborative-workspace@1.0.0 build
> vite build

[36mvite v5.4.21 [32mbuilding for production...[36m[39m
transforming...
[32mΓ£ô[39m 2086 modules transformed.
node.exe : 
[31mx[39m Build 
failed in 33.03s
At line:1 char:1
+ & "C:\Program Files\
nodejs/node.exe" 
"C:\Program 
Files\nodejs/node_mo 
...
+ ~~~~~~~~~~~~~~~~~~~~
~~~~~~~~~~~~~~~~~~~~~~
~~~~~~~~~~~~~~~~~~~~~~
~~~~~
    + CategoryInfo    
          : NotSpeci  
  fied: ([31mx[39   
 m Build failed in    
 33.03s:String) [    
], RemoteExceptio    n
    + FullyQualifiedE 
   rrorId : NativeCo  
  mmandError
 
[31merror during 
build:
[31msrc/pages/Integra
tions.jsx (6:59): 
"DialogDescription" 
is not exported by "sr
c/components/ui/dialog
.jsx", imported by "sr
c/pages/Integrations.j
sx".[31m
file: [36mC:/Users/an
ude/Desktop/kiran and 
Jahnavi/Collaborative_
Workspace_for_Project/
client/src/pages/Integ
rations.jsx:6:59[31m
[33m
4: import { Input } 
from '@/components/ui/
input';
5: import { Label } 
from '@/components/ui/
label';
6: import { Dialog, 
DialogContent, 
DialogHeader, 
DialogTitle, 
DialogDescription, 
DialogFooter } from 
'@/components/ui/di...
                      
                      
                  ^
7: import { Github, 
FileText, Database, 
CheckCircle, 
Smartphone } from 
'lucide-react';
[31m
    at getRollupError 
(file:///C:/Users/anud
e/Desktop/kiran%20and%
20Jahnavi/Collaborativ
e_Workspace_for_Projec
t/client/node_modules/
rollup/dist/es/shared/
parseAst.js:401:41)
    at error (file:///
C:/Users/anude/Desktop
/kiran%20and%20Jahnavi
/Collaborative_Workspa
ce_for_Project/client/
node_modules/rollup/di
st/es/shared/parseAst.
js:397:42)
    at Module.error (f
ile:///C:/Users/anude/
Desktop/kiran%20and%20
Jahnavi/Collaborative_
Workspace_for_Project/
client/node_modules/ro
llup/dist/es/shared/no
de-entry.js:16956:16)
    at 
Module.traceVariable (
file:///C:/Users/anude
/Desktop/kiran%20and%2
0Jahnavi/Collaborative
_Workspace_for_Project
/client/node_modules/r
ollup/dist/es/shared/n
ode-entry.js:17412:29)
    at ModuleScope.fin
dVariable (file:///C:/
Users/anude/Desktop/ki
ran%20and%20Jahnavi/Co
llaborative_Workspace_
for_Project/client/nod
e_modules/rollup/dist/
es/shared/node-entry.j
s:15076:39)
    at FunctionScope.f
indVariable (file:///C
:/Users/anude/Desktop/
kiran%20and%20Jahnavi/
Collaborative_Workspac
e_for_Project/client/n
ode_modules/rollup/dis
t/es/shared/node-entry
.js:5649:38)
    at FunctionBodySco
pe.findVariable (file:
///C:/Users/anude/Desk
top/kiran%20and%20Jahn
avi/Collaborative_Work
space_for_Project/clie
nt/node_modules/rollup
/dist/es/shared/node-e
ntry.js:5649:38)
    at 
Identifier.bind (file:
///C:/Users/anude/Desk
top/kiran%20and%20Jahn
avi/Collaborative_Work
space_for_Project/clie
nt/node_modules/rollup
/dist/es/shared/node-e
ntry.js:5423:40)
    at 
CallExpression.bind (f
ile:///C:/Users/anude/
Desktop/kiran%20and%20
Jahnavi/Collaborative_
Workspace_for_Project/
client/node_modules/ro
llup/dist/es/shared/no
de-entry.js:2809:28)
    at 
CallExpression.bind (f
ile:///C:/Users/anude/
Desktop/kiran%20and%20
Jahnavi/Collaborative_
Workspace_for_Project/
client/node_modules/ro
llup/dist/es/shared/no
de-entry.js:12123:15)
[39m
